Drill report for KayproKeyboard.kicad_pcb
Created on 2026-05-23T17:22:22

Copper Layer Stackup:
    =============================================================
    L1 :  F.Cu                      front
    L2 :  B.Cu                      back


Drill file 'KayproKeyboard-PTH-drl.gbr' contains
    plated through holes:
    =============================================================
    T1  0.300mm  0.0118"  (161 holes))
    T2  0.700mm  0.0276"  (4 holes))
    T3  0.800mm  0.0315"  (184 holes))
    T4  0.900mm  0.0354"  (2 holes))
    T5  1.000mm  0.0394"  (8 holes))
    T6  1.020mm  0.0402"  (43 holes))
    T7  1.100mm  0.0433"  (2 holes))
    T8  1.500mm  0.0591"  (152 holes))

    Total plated holes count 556


Drill file 'KayproKeyboard-NPTH-drl.gbr' contains
    unplated through holes:
    =============================================================
    T1  1.500mm  0.0591"  (2 holes))
    T2  1.700mm  0.0669"  (152 holes))
    T3  1.800mm  0.0709"  (2 holes))
    T4  3.050mm  0.1201"  (10 holes))
    T5  4.000mm  0.1575"  (86 holes))

    Total unplated holes count 252
